
> react-kavia@0.1.0 start
> react-scripts start

(node:3522) [DEP_WEBPACK_DEV_SERVER_ON_AFTER_SETUP_MIDDLEWARE] DeprecationWarning: 'onAfterSetupMiddleware' option is deprecated. Please use the 'setupMiddlewares' option.
(Use `node --trace-deprecation ...` to show where the warning was created)
(node:3522) [DEP_WEBPACK_DEV_SERVER_ON_BEFORE_SETUP_MIDDLEWARE] DeprecationWarning: 'onBeforeSetupMiddleware' option is deprecated. Please use the 'setupMiddlewares' option.
Starting the development server...

Compiled successfully!

You can now view react-kavia in the browser.

  Local:            http://localhost:3000
  On Your Network:  http://172.17.0.2:3000

Note that the development build is not optimized.
To create a production build, use npm run build.

webpack compiled successfully
Compiling...
Failed to compile.

[eslint] 
src/App.js
  Line 106:40:  'email' is not defined         no-undef
  Line 107:50:  'setEmail' is not defined      no-undef
  Line 116:40:  'password' is not defined      no-undef
  Line 117:50:  'setPassword' is not defined   no-undef
  Line 155:50:  'setShowModal' is not defined  no-undef
  Line 166:14:  'Modal' is not defined         react/jsx-no-undef
  Line 167:23:  'showModal' is not defined     no-undef
  Line 168:30:  'setShowModal' is not defined  no-undef
  Line 173:62:  'setShowModal' is not defined  no-undef
  Line 174:42:  'setShowModal' is not defined  no-undef
  Line 185:26:  'email' is not defined         no-undef
  Line 186:36:  'setEmail' is not defined      no-undef
  Line 195:26:  'password' is not defined      no-undef
  Line 196:36:  'setPassword' is not defined   no-undef

Search for the keywords to learn more about each error.
WARNING in [eslint] 
src/App.js
  Line 9:8:  'ProtectedRoute' is defined but never used  no-unused-vars

ERROR in [eslint] 
src/App.js
  Line 106:40:  'email' is not defined         no-undef
  Line 107:50:  'setEmail' is not defined      no-undef
  Line 116:40:  'password' is not defined      no-undef
  Line 117:50:  'setPassword' is not defined   no-undef
  Line 155:50:  'setShowModal' is not defined  no-undef
  Line 166:14:  'Modal' is not defined         react/jsx-no-undef
  Line 167:23:  'showModal' is not defined     no-undef
  Line 168:30:  'setShowModal' is not defined  no-undef
  Line 173:62:  'setShowModal' is not defined  no-undef
  Line 174:42:  'setShowModal' is not defined  no-undef
  Line 185:26:  'email' is not defined         no-undef
  Line 186:36:  'setEmail' is not defined      no-undef
  Line 195:26:  'password' is not defined      no-undef
  Line 196:36:  'setPassword' is not defined   no-undef

Search for the keywords to learn more about each error.

webpack compiled with 1 error and 1 warning
Compiling...
Failed to compile.

[eslint] 
src/App.js
  Line 106:40:  'email' is not defined         no-undef
  Line 107:50:  'setEmail' is not defined      no-undef
  Line 116:40:  'password' is not defined      no-undef
  Line 117:50:  'setPassword' is not defined   no-undef
  Line 155:50:  'setShowModal' is not defined  no-undef
  Line 166:14:  'Modal' is not defined         react/jsx-no-undef
  Line 167:23:  'showModal' is not defined     no-undef
  Line 168:30:  'setShowModal' is not defined  no-undef
  Line 173:62:  'setShowModal' is not defined  no-undef
  Line 174:42:  'setShowModal' is not defined  no-undef
  Line 185:26:  'email' is not defined         no-undef
  Line 186:36:  'setEmail' is not defined      no-undef
  Line 195:26:  'password' is not defined      no-undef
  Line 196:36:  'setPassword' is not defined   no-undef

Search for the keywords to learn more about each error.
WARNING in [eslint] 
src/App.js
  Line 9:8:  'ProtectedRoute' is defined but never used  no-unused-vars

src/components/ui/Button.js
  Line 122:9:  'cssFromObject' is assigned a value but never used  no-unused-vars

ERROR in [eslint] 
src/App.js
  Line 106:40:  'email' is not defined         no-undef
  Line 107:50:  'setEmail' is not defined      no-undef
  Line 116:40:  'password' is not defined      no-undef
  Line 117:50:  'setPassword' is not defined   no-undef
  Line 155:50:  'setShowModal' is not defined  no-undef
  Line 166:14:  'Modal' is not defined         react/jsx-no-undef
  Line 167:23:  'showModal' is not defined     no-undef
  Line 168:30:  'setShowModal' is not defined  no-undef
  Line 173:62:  'setShowModal' is not defined  no-undef
  Line 174:42:  'setShowModal' is not defined  no-undef
  Line 185:26:  'email' is not defined         no-undef
  Line 186:36:  'setEmail' is not defined      no-undef
  Line 195:26:  'password' is not defined      no-undef
  Line 196:36:  'setPassword' is not defined   no-undef

Search for the keywords to learn more about each error.

webpack compiled with 1 error and 1 warning
Compiling...
Failed to compile.

[eslint] 
src/App.js
  Line 106:40:  'email' is not defined         no-undef
  Line 107:50:  'setEmail' is not defined      no-undef
  Line 116:40:  'password' is not defined      no-undef
  Line 117:50:  'setPassword' is not defined   no-undef
  Line 155:50:  'setShowModal' is not defined  no-undef
  Line 166:14:  'Modal' is not defined         react/jsx-no-undef
  Line 167:23:  'showModal' is not defined     no-undef
  Line 168:30:  'setShowModal' is not defined  no-undef
  Line 173:62:  'setShowModal' is not defined  no-undef
  Line 174:42:  'setShowModal' is not defined  no-undef
  Line 185:26:  'email' is not defined         no-undef
  Line 186:36:  'setEmail' is not defined      no-undef
  Line 195:26:  'password' is not defined      no-undef
  Line 196:36:  'setPassword' is not defined   no-undef

Search for the keywords to learn more about each error.
WARNING in [eslint] 
src/App.js
  Line 9:8:  'ProtectedRoute' is defined but never used  no-unused-vars

src/components/ui/Button.js
  Line 122:9:  'cssFromObject' is assigned a value but never used  no-unused-vars

ERROR in [eslint] 
src/App.js
  Line 106:40:  'email' is not defined         no-undef
  Line 107:50:  'setEmail' is not defined      no-undef
  Line 116:40:  'password' is not defined      no-undef
  Line 117:50:  'setPassword' is not defined   no-undef
  Line 155:50:  'setShowModal' is not defined  no-undef
  Line 166:14:  'Modal' is not defined         react/jsx-no-undef
  Line 167:23:  'showModal' is not defined     no-undef
  Line 168:30:  'setShowModal' is not defined  no-undef
  Line 173:62:  'setShowModal' is not defined  no-undef
  Line 174:42:  'setShowModal' is not defined  no-undef
  Line 185:26:  'email' is not defined         no-undef
  Line 186:36:  'setEmail' is not defined      no-undef
  Line 195:26:  'password' is not defined      no-undef
  Line 196:36:  'setPassword' is not defined   no-undef

Search for the keywords to learn more about each error.

webpack compiled with 1 error and 1 warning
